------------------------------------------------------------
TimeQuest Timing Analyzer Summary
------------------------------------------------------------

Type  : Slow 1200mV 85C Model Setup 'u0|altpll_sys|sd1|pll7|clk[0]'
Slack : 0.397
TNS   : 0.000

Type  : Slow 1200mV 85C Model Setup 'CLOCK_50'
Slack : 16.132
TNS   : 0.000

Type  : Slow 1200mV 85C Model Setup 'u0|altpll_audio|sd1|pll7|clk[0]'
Slack : 17.138
TNS   : 0.000

Type  : Slow 1200mV 85C Model Setup 'altera_reserved_tck'
Slack : 45.246
TNS   : 0.000

Type  : Slow 1200mV 85C Model Setup 'u0|altpll_sys|sd1|pll7|clk[3]'
Slack : 87.413
TNS   : 0.000

Type  : Slow 1200mV 85C Model Hold 'u0|altpll_sys|sd1|pll7|clk[0]'
Slack : 0.292
TNS   : 0.000

Type  : Slow 1200mV 85C Model Hold 'u0|altpll_audio|sd1|pll7|clk[0]'
Slack : 0.337
TNS   : 0.000

Type  : Slow 1200mV 85C Model Hold 'CLOCK_50'
Slack : 0.401
TNS   : 0.000

Type  : Slow 1200mV 85C Model Hold 'altera_reserved_tck'
Slack : 0.402
TNS   : 0.000

Type  : Slow 1200mV 85C Model Hold 'u0|altpll_sys|sd1|pll7|clk[3]'
Slack : 0.404
TNS   : 0.000

Type  : Slow 1200mV 85C Model Recovery 'u0|altpll_sys|sd1|pll7|clk[0]'
Slack : 4.288
TNS   : 0.000

Type  : Slow 1200mV 85C Model Recovery 'CLOCK_50'
Slack : 17.414
TNS   : 0.000

Type  : Slow 1200mV 85C Model Recovery 'u0|altpll_audio|sd1|pll7|clk[0]'
Slack : 47.753
TNS   : 0.000

Type  : Slow 1200mV 85C Model Recovery 'altera_reserved_tck'
Slack : 47.965
TNS   : 0.000

Type  : Slow 1200mV 85C Model Recovery 'u0|altpll_sys|sd1|pll7|clk[3]'
Slack : 95.981
TNS   : 0.000

Type  : Slow 1200mV 85C Model Removal 'altera_reserved_tck'
Slack : 1.001
TNS   : 0.000

Type  : Slow 1200mV 85C Model Removal 'CLOCK_50'
Slack : 1.200
TNS   : 0.000

Type  : Slow 1200mV 85C Model Removal 'u0|altpll_audio|sd1|pll7|clk[0]'
Slack : 1.688
TNS   : 0.000

Type  : Slow 1200mV 85C Model Removal 'u0|altpll_sys|sd1|pll7|clk[3]'
Slack : 2.959
TNS   : 0.000

Type  : Slow 1200mV 85C Model Removal 'u0|altpll_sys|sd1|pll7|clk[0]'
Slack : 4.112
TNS   : 0.000

Type  : Slow 1200mV 85C Model Minimum Pulse Width 'u0|altpll_sys|sd1|pll7|clk[0]'
Slack : 4.617
TNS   : 0.000

Type  : Slow 1200mV 85C Model Minimum Pulse Width 'CLOCK_50'
Slack : 9.683
TNS   : 0.000

Type  : Slow 1200mV 85C Model Minimum Pulse Width 'CLOCK2_50'
Slack : 16.000
TNS   : 0.000

Type  : Slow 1200mV 85C Model Minimum Pulse Width 'CLOCK3_50'
Slack : 16.000
TNS   : 0.000

Type  : Slow 1200mV 85C Model Minimum Pulse Width 'u0|altpll_audio|sd1|pll7|clk[0]'
Slack : 26.813
TNS   : 0.000

Type  : Slow 1200mV 85C Model Minimum Pulse Width 'VGA_CLK'
Slack : 35.790
TNS   : 0.000

Type  : Slow 1200mV 85C Model Minimum Pulse Width 'altera_reserved_tck'
Slack : 49.547
TNS   : 0.000

Type  : Slow 1200mV 85C Model Minimum Pulse Width 'u0|altpll_sys|sd1|pll7|clk[3]'
Slack : 49.707
TNS   : 0.000

Type  : Slow 1200mV 0C Model Setup 'u0|altpll_sys|sd1|pll7|clk[0]'
Slack : 1.090
TNS   : 0.000

Type  : Slow 1200mV 0C Model Setup 'CLOCK_50'
Slack : 16.412
TNS   : 0.000

Type  : Slow 1200mV 0C Model Setup 'u0|altpll_audio|sd1|pll7|clk[0]'
Slack : 17.904
TNS   : 0.000

Type  : Slow 1200mV 0C Model Setup 'altera_reserved_tck'
Slack : 45.769
TNS   : 0.000

Type  : Slow 1200mV 0C Model Setup 'u0|altpll_sys|sd1|pll7|clk[3]'
Slack : 88.348
TNS   : 0.000

Type  : Slow 1200mV 0C Model Hold 'u0|altpll_sys|sd1|pll7|clk[0]'
Slack : 0.291
TNS   : 0.000

Type  : Slow 1200mV 0C Model Hold 'u0|altpll_audio|sd1|pll7|clk[0]'
Slack : 0.338
TNS   : 0.000

Type  : Slow 1200mV 0C Model Hold 'CLOCK_50'
Slack : 0.353
TNS   : 0.000

Type  : Slow 1200mV 0C Model Hold 'u0|altpll_sys|sd1|pll7|clk[3]'
Slack : 0.353
TNS   : 0.000

Type  : Slow 1200mV 0C Model Hold 'altera_reserved_tck'
Slack : 0.354
TNS   : 0.000

Type  : Slow 1200mV 0C Model Recovery 'u0|altpll_sys|sd1|pll7|clk[0]'
Slack : 4.853
TNS   : 0.000

Type  : Slow 1200mV 0C Model Recovery 'CLOCK_50'
Slack : 17.621
TNS   : 0.000

Type  : Slow 1200mV 0C Model Recovery 'altera_reserved_tck'
Slack : 48.269
TNS   : 0.000

Type  : Slow 1200mV 0C Model Recovery 'u0|altpll_audio|sd1|pll7|clk[0]'
Slack : 48.319
TNS   : 0.000

Type  : Slow 1200mV 0C Model Recovery 'u0|altpll_sys|sd1|pll7|clk[3]'
Slack : 96.370
TNS   : 0.000

Type  : Slow 1200mV 0C Model Removal 'altera_reserved_tck'
Slack : 0.906
TNS   : 0.000

Type  : Slow 1200mV 0C Model Removal 'CLOCK_50'
Slack : 1.099
TNS   : 0.000

Type  : Slow 1200mV 0C Model Removal 'u0|altpll_audio|sd1|pll7|clk[0]'
Slack : 1.509
TNS   : 0.000

Type  : Slow 1200mV 0C Model Removal 'u0|altpll_sys|sd1|pll7|clk[3]'
Slack : 2.618
TNS   : 0.000

Type  : Slow 1200mV 0C Model Removal 'u0|altpll_sys|sd1|pll7|clk[0]'
Slack : 3.705
TNS   : 0.000

Type  : Slow 1200mV 0C Model Minimum Pulse Width 'u0|altpll_sys|sd1|pll7|clk[0]'
Slack : 4.648
TNS   : 0.000

Type  : Slow 1200mV 0C Model Minimum Pulse Width 'CLOCK_50'
Slack : 9.690
TNS   : 0.000

Type  : Slow 1200mV 0C Model Minimum Pulse Width 'CLOCK2_50'
Slack : 16.000
TNS   : 0.000

Type  : Slow 1200mV 0C Model Minimum Pulse Width 'CLOCK3_50'
Slack : 16.000
TNS   : 0.000

Type  : Slow 1200mV 0C Model Minimum Pulse Width 'u0|altpll_audio|sd1|pll7|clk[0]'
Slack : 26.805
TNS   : 0.000

Type  : Slow 1200mV 0C Model Minimum Pulse Width 'VGA_CLK'
Slack : 35.790
TNS   : 0.000

Type  : Slow 1200mV 0C Model Minimum Pulse Width 'altera_reserved_tck'
Slack : 49.476
TNS   : 0.000

Type  : Slow 1200mV 0C Model Minimum Pulse Width 'u0|altpll_sys|sd1|pll7|clk[3]'
Slack : 49.692
TNS   : 0.000

Type  : Fast 1200mV 0C Model Setup 'u0|altpll_sys|sd1|pll7|clk[0]'
Slack : 5.090
TNS   : 0.000

Type  : Fast 1200mV 0C Model Setup 'CLOCK_50'
Slack : 18.028
TNS   : 0.000

Type  : Fast 1200mV 0C Model Setup 'u0|altpll_audio|sd1|pll7|clk[0]'
Slack : 22.100
TNS   : 0.000

Type  : Fast 1200mV 0C Model Setup 'altera_reserved_tck'
Slack : 47.967
TNS   : 0.000

Type  : Fast 1200mV 0C Model Setup 'u0|altpll_sys|sd1|pll7|clk[3]'
Slack : 93.538
TNS   : 0.000

Type  : Fast 1200mV 0C Model Hold 'u0|altpll_sys|sd1|pll7|clk[0]'
Slack : 0.105
TNS   : 0.000

Type  : Fast 1200mV 0C Model Hold 'u0|altpll_audio|sd1|pll7|clk[0]'
Slack : 0.133
TNS   : 0.000

Type  : Fast 1200mV 0C Model Hold 'altera_reserved_tck'
Slack : 0.178
TNS   : 0.000

Type  : Fast 1200mV 0C Model Hold 'CLOCK_50'
Slack : 0.180
TNS   : 0.000

Type  : Fast 1200mV 0C Model Hold 'u0|altpll_sys|sd1|pll7|clk[3]'
Slack : 0.180
TNS   : 0.000

Type  : Fast 1200mV 0C Model Recovery 'u0|altpll_sys|sd1|pll7|clk[0]'
Slack : 6.929
TNS   : 0.000

Type  : Fast 1200mV 0C Model Recovery 'CLOCK_50'
Slack : 18.636
TNS   : 0.000

Type  : Fast 1200mV 0C Model Recovery 'altera_reserved_tck'
Slack : 49.307
TNS   : 0.000

Type  : Fast 1200mV 0C Model Recovery 'u0|altpll_audio|sd1|pll7|clk[0]'
Slack : 50.734
TNS   : 0.000

Type  : Fast 1200mV 0C Model Recovery 'u0|altpll_sys|sd1|pll7|clk[3]'
Slack : 97.862
TNS   : 0.000

Type  : Fast 1200mV 0C Model Removal 'altera_reserved_tck'
Slack : 0.489
TNS   : 0.000

Type  : Fast 1200mV 0C Model Removal 'CLOCK_50'
Slack : 0.564
TNS   : 0.000

Type  : Fast 1200mV 0C Model Removal 'u0|altpll_audio|sd1|pll7|clk[0]'
Slack : 0.787
TNS   : 0.000

Type  : Fast 1200mV 0C Model Removal 'u0|altpll_sys|sd1|pll7|clk[3]'
Slack : 1.535
TNS   : 0.000

Type  : Fast 1200mV 0C Model Removal 'u0|altpll_sys|sd1|pll7|clk[0]'
Slack : 2.124
TNS   : 0.000

Type  : Fast 1200mV 0C Model Minimum Pulse Width 'u0|altpll_sys|sd1|pll7|clk[0]'
Slack : 4.749
TNS   : 0.000

Type  : Fast 1200mV 0C Model Minimum Pulse Width 'CLOCK_50'
Slack : 9.267
TNS   : 0.000

Type  : Fast 1200mV 0C Model Minimum Pulse Width 'CLOCK2_50'
Slack : 16.000
TNS   : 0.000

Type  : Fast 1200mV 0C Model Minimum Pulse Width 'CLOCK3_50'
Slack : 16.000
TNS   : 0.000

Type  : Fast 1200mV 0C Model Minimum Pulse Width 'u0|altpll_audio|sd1|pll7|clk[0]'
Slack : 26.886
TNS   : 0.000

Type  : Fast 1200mV 0C Model Minimum Pulse Width 'VGA_CLK'
Slack : 36.000
TNS   : 0.000

Type  : Fast 1200mV 0C Model Minimum Pulse Width 'altera_reserved_tck'
Slack : 49.301
TNS   : 0.000

Type  : Fast 1200mV 0C Model Minimum Pulse Width 'u0|altpll_sys|sd1|pll7|clk[3]'
Slack : 49.753
TNS   : 0.000

------------------------------------------------------------
